../Core/Src/main.c:87:6:HAL_I2S_RxHalfCpltCallback	16	static
../Core/Src/main.c:97:6:HAL_I2S_RxCpltCallback	16	static
../Core/Src/main.c:110:5:main	8	static
../Core/Src/main.c:194:6:SystemClock_Config	88	static
../Core/Src/main.c:242:13:MX_I2S2_Init	8	static
../Core/Src/main.c:276:13:MX_USART2_UART_Init	8	static
../Core/Src/main.c:307:13:MX_DMA_Init	16	static
../Core/Src/main.c:325:13:MX_GPIO_Init	48	static
../Core/Src/main.c:362:6:StartDefaultTask	32	static,ignoring_inline_asm
../Core/Src/main.c:405:6:HAL_TIM_PeriodElapsedCallback	16	static
../Core/Src/main.c:422:6:Error_Handler	4	static,ignoring_inline_asm
